error: Deriving enums is not supported
 --> $DIR/enum_from.rs:4:5
  |
4 | pub enum Nothing {
  |     ^^^^

error: could not compile `dict_derive-tests`.
